  1952.cpp
D:\Git_repository\SW-EXPERT-ACADEMY\SAFFY\SAFFY\1952.cpp(16,12): error C2872: 'min': 모호한 기호입니다.
      D:\Git_repository\SW-EXPERT-ACADEMY\SAFFY\SAFFY\1952.cpp(10,5):
      'int min[12]'일 수 있습니다.
      D:\Git_repository\SW-EXPERT-ACADEMY\SAFFY\SAFFY\1952.cpp(16,12):
      또는       'min'
  
D:\Git_repository\SW-EXPERT-ACADEMY\SAFFY\SAFFY\1952.cpp(16,12): error C2064: 항은 2개의 인수를 받아들이는 함수로 계산되지 않습니다.
D:\Git_repository\SW-EXPERT-ACADEMY\SAFFY\SAFFY\1952.cpp(28,2): error C2143: 구문 오류: ';'이(가) '}' 앞에 없습니다.
D:\Git_repository\SW-EXPERT-ACADEMY\SAFFY\SAFFY\1952.cpp(29,25): error C2872: 'min': 모호한 기호입니다.
      D:\Git_repository\SW-EXPERT-ACADEMY\SAFFY\SAFFY\1952.cpp(10,5):
      'int min[12]'일 수 있습니다.
      D:\Git_repository\SW-EXPERT-ACADEMY\SAFFY\SAFFY\1952.cpp(29,25):
      또는       'min'
  
D:\Git_repository\SW-EXPERT-ACADEMY\SAFFY\SAFFY\1952.cpp(29,29): error C2065: 'idx': 선언되지 않은 식별자입니다.
D:\Git_repository\SW-EXPERT-ACADEMY\SAFFY\SAFFY\1952.cpp(29,2): error C2660: 'dfs': 함수는 1개의 인수를 사용하지 않습니다.
      D:\Git_repository\SW-EXPERT-ACADEMY\SAFFY\SAFFY\1952.cpp(12,6):
      'dfs' 선언을 참조하십시오.
      D:\Git_repository\SW-EXPERT-ACADEMY\SAFFY\SAFFY\1952.cpp(29,2):
      인수 목록 '(int)'을(를) 일치시키는 동안
  
D:\Git_repository\SW-EXPERT-ACADEMY\SAFFY\SAFFY\1952.cpp(44,4): error C2872: 'min': 모호한 기호입니다.
      D:\Git_repository\SW-EXPERT-ACADEMY\SAFFY\SAFFY\1952.cpp(10,5):
      'int min[12]'일 수 있습니다.
      D:\Git_repository\SW-EXPERT-ACADEMY\SAFFY\SAFFY\1952.cpp(44,4):
      또는       'min'
  
D:\Git_repository\SW-EXPERT-ACADEMY\SAFFY\SAFFY\1952.cpp(44,13): error C2872: 'min': 모호한 기호입니다.
      D:\Git_repository\SW-EXPERT-ACADEMY\SAFFY\SAFFY\1952.cpp(10,5):
      'int min[12]'일 수 있습니다.
      D:\Git_repository\SW-EXPERT-ACADEMY\SAFFY\SAFFY\1952.cpp(44,13):
      또는       'min'
  
D:\Git_repository\SW-EXPERT-ACADEMY\SAFFY\SAFFY\1952.cpp(44,13): error C2064: 항은 2개의 인수를 받아들이는 함수로 계산되지 않습니다.
D:\Git_repository\SW-EXPERT-ACADEMY\SAFFY\SAFFY\1952.cpp(47,12): warning C4244: '=': 'double'에서 'int'(으)로 변환하면서 데이터가 손실될 수 있습니다.
  1244.cpp
D:\Git_repository\SW-EXPERT-ACADEMY\SAFFY\SAFFY\x64\1244.cpp(24,11): warning C4267: '초기화 중': 'size_t'에서 'int'(으)로 변환하면서 데이터가 손실될 수 있습니다.
  코드를 생성하고 있습니다...
